[sterlingorthoivf.in/index.html]
[sterlingorthoivf.in/favicon.ico]
[stackpath.bootstrapcdn.com/bootstrap/4.5.0/css/bootstrap.min.css]
[cdnjs.cloudflare.com/ajax/libs/font-awesome/4.7.0/css/font-awesome.min.css]
[backblue.gif]
[fade.gif]
[index.html]
[cdn.jsdelivr.net/npm/popper.js@1.16.0/dist/umd/popper.min.js]
[sterlingorthoivf.in/style.css]
[sterlingorthoivf.in/logo.png]
[sterlingorthoivf.in/services.html]
[sterlingorthoivf.in/doctors.html]
[sterlingorthoivf.in/gallery.html]
[sterlingorthoivf.in/patient.html]
[sterlingorthoivf.in/book-appointment.html]
[sterlingorthoivf.in/slider3.jpg]
[sterlingorthoivf.in/h5.jpg]
[sterlingorthoivf.in/slider1.jpg]
[sterlingorthoivf.in/p1.jpg]
[sterlingorthoivf.in/c4.jpg]
[sterlingorthoivf.in/p3.jpg]
[sterlingorthoivf.in/m1.jpg]
[ajax.googleapis.com/ajax/libs/jquery/3.5.1/jquery.min.js]
[sterlingorthoivf.in/index.html]
[stackpath.bootstrapcdn.com/bootstrap/4.5.0/css/bootstrap.min.css]
[cdnjs.cloudflare.com/ajax/libs/font-awesome/4.7.0/css/font-awesome.min.css]
[sterlingorthoivf.in/style.css]
[stackpath.bootstrapcdn.com/bootstrap/4.5.2/js/bootstrap.min.js]
[sterlingorthoivf.in/c1.jpg]
[sterlingorthoivf.in/c2.jpg]
[sterlingorthoivf.in/c3.jpg]
[sterlingorthoivf.in/c5.jpg]
[sterlingorthoivf.in/services.html]
[sterlingorthoivf.in/d2.jpg]
[sterlingorthoivf.in/doctors.html]
[sterlingorthoivf.in/d1.jpg]
[cdn.jsdelivr.net/npm/bootstrap@5.2.3/dist/js/bootstrap.bundle.min.js]
[sterlingorthoivf.in/h1.jpg]
[sterlingorthoivf.in/h2.jpg]
[sterlingorthoivf.in/h3.jpg]
[sterlingorthoivf.in/h4.jpg]
[sterlingorthoivf.in/h6.jpg]
[sterlingorthoivf.in/h7.jpg]
[sterlingorthoivf.in/h8.jpg]
[sterlingorthoivf.in/h9.jpg]
[sterlingorthoivf.in/gallery.html]
[sterlingorthoivf.in/patient.html]
[sterlingorthoivf.in/book-appointment.html]
[cdnjs.cloudflare.com/ajax/libs/popper.js/1.16.0/umd/popper.min.js]
